2026-01-04 07:29:43 - Save game request
Request method: POST
Content type: application/json
Input data: {"difficulty":"beginner","time":60,"moves":71,"flags":0,"result":"won","userId":3}
Session user_id: 3
Request user_id: 3
Game data prepared: {"difficulty":"beginner","time":60,"moves":71,"flags":0,"result":"won"}
Game saved, result: {"session_id":"1","score":2298}
2026-02-10 16:59:44 - Save game request
Request method: POST
Content type: application/json
Input data: {"difficulty":"beginner","time":28,"moves":71,"flags":10,"result":"won","userId":2}
Session user_id: 2
Request user_id: 2
Game data prepared: {"difficulty":"beginner","time":28,"moves":71,"flags":10,"result":"won"}
Game saved, result: {"session_id":"2","score":2330}
2026-02-28 17:52:40 - Save game request
Request method: POST
Content type: application/json
Input data: {"difficulty":"beginner","time":20,"moves":71,"flags":10,"result":"won","userId":2}
Session user_id: 2
Request user_id: 2
Game data prepared: {"difficulty":"beginner","time":20,"moves":71,"flags":10,"result":"won"}
Game saved, result: {"session_id":"3","score":2338}
2026-02-28 17:52:40 - Save game request
Request method: POST
Content type: application/json
Input data: {"difficulty":"beginner","time":20,"moves":71,"flags":10,"result":"won","userId":2}
Session user_id: 2
Request user_id: 2
Game data prepared: {"difficulty":"beginner","time":20,"moves":71,"flags":10,"result":"won"}
Game saved, result: {"session_id":"4","score":2338}
2026-03-11 05:48:51 - Save game request
Request method: POST
Content type: application/json
Input data: {"difficulty":"beginner","time":22,"moves":71,"flags":10,"result":"won","userId":2}
Session user_id: 2
Request user_id: 2
Game data prepared: {"difficulty":"beginner","time":22,"moves":71,"flags":10,"result":"won"}
Game saved, result: {"session_id":"5","score":2336}
2026-03-24 23:11:46 - Save game request
Request method: POST
Content type: application/json
Input data: {"difficulty":"beginner","time":42,"moves":71,"flags":10,"result":"won","userId":2}
Session user_id: 2
Request user_id: 2
Game data prepared: {"difficulty":"beginner","time":42,"moves":71,"flags":10,"result":"won"}
Game saved, result: {"session_id":"6","score":2316}
